C:\pdf\Hospital Tracker\src\components\Toast.jsx:6 Fast refresh only works when a file only exports components. Use a new file to share constants or functions between components.
C:\pdf\Hospital Tracker\src\layouts\AdminLayout.jsx:39 Parsing error: Identifier 'dispatch' has already been declared
C:\pdf\Hospital Tracker\src\layouts\DoctorLayout.jsx:4 'logout' is defined but never used. Allowed unused vars must match /^[A-Z_]/u.
C:\pdf\Hospital Tracker\src\layouts\DoctorLayout.jsx:8 'getInitials' is defined but never used. Allowed unused vars must match /^[A-Z_]/u.
C:\pdf\Hospital Tracker\src\layouts\DoctorLayout.jsx:13 'dispatch' is assigned a value but never used. Allowed unused vars must match /^[A-Z_]/u.
C:\pdf\Hospital Tracker\src\layouts\DoctorLayout.jsx:14 'navigate' is assigned a value but never used. Allowed unused vars must match /^[A-Z_]/u.
C:\pdf\Hospital Tracker\src\layouts\PatientLayout.jsx:4 'logout' is defined but never used. Allowed unused vars must match /^[A-Z_]/u.
C:\pdf\Hospital Tracker\src\layouts\PatientLayout.jsx:8 'getInitials' is defined but never used. Allowed unused vars must match /^[A-Z_]/u.
C:\pdf\Hospital Tracker\src\layouts\PatientLayout.jsx:13 'dispatch' is assigned a value but never used. Allowed unused vars must match /^[A-Z_]/u.
C:\pdf\Hospital Tracker\src\layouts\PatientLayout.jsx:14 'navigate' is assigned a value but never used. Allowed unused vars must match /^[A-Z_]/u.
C:\pdf\Hospital Tracker\src\layouts\StaffLayout.jsx:4 'logout' is defined but never used. Allowed unused vars must match /^[A-Z_]/u.
C:\pdf\Hospital Tracker\src\layouts\StaffLayout.jsx:8 'getInitials' is defined but never used. Allowed unused vars must match /^[A-Z_]/u.
C:\pdf\Hospital Tracker\src\layouts\StaffLayout.jsx:37 'dispatch' is assigned a value but never used. Allowed unused vars must match /^[A-Z_]/u.
C:\pdf\Hospital Tracker\src\layouts\StaffLayout.jsx:38 'navigate' is assigned a value but never used. Allowed unused vars must match /^[A-Z_]/u.
C:\pdf\Hospital Tracker\src\layouts\StaffLayout.jsx:43 'avatarClass' is assigned a value but never used. Allowed unused vars must match /^[A-Z_]/u.
C:\pdf\Hospital Tracker\src\pages\Login.jsx:128 'Icon' is defined but never used.
C:\pdf\Hospital Tracker\src\pages\admin\Dashboard.jsx:11 'Icon' is defined but never used.
C:\pdf\Hospital Tracker\src\pages\admin\InventoryManagement.jsx:9 'pct' is assigned a value but never used. Allowed unused vars must match /^[A-Z_]/u.
C:\pdf\Hospital Tracker\src\pages\admin\PatientManagement.jsx:15 Error: Cannot call impure function during render

`Date.now` is an impure function. Calling an impure function can produce unstable results that update unpredictably when the component happens to re-render. (https://react.dev/reference/rules/components-and-hooks-must-be-pure#components-and-hooks-must-be-idempotent).

  13 |         insurance: null, registeredOn: new Date().toISOString().split('T')[0], visits: 0,
  14 |         emergencyContact: { name: '', relation: '', phone: '' },
> 15 |         patientId: `PAT-2024-${String(Date.now()).slice(-4).padStart(3, '0')}`,
     |                                       ^^^^^^^^^^ Cannot call impure function
  16 |         id: `p_${Date.now()}`,
  17 |     });
  18 |
C:\pdf\Hospital Tracker\src\pages\admin\PatientManagement.jsx:16 Error: Cannot call impure function during render

`Date.now` is an impure function. Calling an impure function can produce unstable results that update unpredictably when the component happens to re-render. (https://react.dev/reference/rules/components-and-hooks-must-be-pure#components-and-hooks-must-be-idempotent).

  14 |         emergencyContact: { name: '', relation: '', phone: '' },
  15 |         patientId: `PAT-2024-${String(Date.now()).slice(-4).padStart(3, '0')}`,
> 16 |         id: `p_${Date.now()}`,
     |                  ^^^^^^^^^^ Cannot call impure function
  17 |     });
  18 |
  19 |     const set = (field, val) => setForm(f => ({ ...f, [field]: val }));
C:\pdf\Hospital Tracker\src\pages\doctor\AppointmentRequests.jsx:125 'selected' is assigned a value but never used. Allowed unused vars must match /^[A-Z_]/u.
C:\pdf\Hospital Tracker\src\pages\doctor\AppointmentRequests.jsx:125 'setSelected' is assigned a value but never used. Allowed unused vars must match /^[A-Z_]/u.
C:\pdf\Hospital Tracker\src\pages\doctor\DoctorDashboard.jsx:14 'completedApts' is assigned a value but never used. Allowed unused vars must match /^[A-Z_]/u.
C:\pdf\Hospital Tracker\src\pages\doctor\DoctorDashboard.jsx:16 'statusColor' is assigned a value but never used. Allowed unused vars must match /^[A-Z_]/u.
C:\pdf\Hospital Tracker\src\pages\doctor\LabOrders.jsx:50 Error: Cannot call impure function during render

`Math.random` is an impure function. Calling an impure function can produce unstable results that update unpredictably when the component happens to re-render. (https://react.dev/reference/rules/components-and-hooks-must-be-pure#components-and-hooks-must-be-idempotent).

  48 |     const [clinicalInfo, setClinicalInfo] = useState('');
  49 |     const [saved, setSaved] = useState(null);
> 50 |     const [orderNumber] = useState(`LAB-${new Date().toISOString().split('T')[0].replace(/-/g, '')}-${String(Math.floor(Math.random() * 9000 + 1000))}`);
     |                                                                                                                         ^^^^^^^^^^^^^ Cannot call impure function
  51 |
  52 |     const filteredPatients = patients.filter(p =>
  53 |         patientSearch && (p.name.toLowerCase().includes(patientSearch.toLowerCase()) || p.patientId.toLowerCase().includes(patientSearch.toLowerCase()))
C:\pdf\Hospital Tracker\src\pages\doctor\WritePrescription.jsx:14 'appointments' is assigned a value but never used. Allowed unused vars must match /^[A-Z_]/u.
C:\pdf\Hospital Tracker\src\pages\doctor\WritePrescription.jsx:25 Error: Cannot call impure function during render

`Math.random` is an impure function. Calling an impure function can produce unstable results that update unpredictably when the component happens to re-render. (https://react.dev/reference/rules/components-and-hooks-must-be-pure#components-and-hooks-must-be-idempotent).

  23 |     const [diagnosis, setDiagnosis] = useState('');
  24 |     const [saved, setSaved] = useState(false);
> 25 |     const [rxNumber] = useState(`RX-2026-${String(Math.floor(Math.random() * 9000 + 1000))}`);
     |                                                              ^^^^^^^^^^^^^ Cannot call impure function
  26 |
  27 |     const filteredPatients = patients.filter(p =>
  28 |         patientSearch && (p.name.toLowerCase().includes(patientSearch.toLowerCase()) || p.patientId.toLowerCase().includes(patientSearch.toLowerCase()))
C:\pdf\Hospital Tracker\src\pages\patient\MyAppointments.jsx:3 'addReview' is defined but never used. Allowed unused vars must match /^[A-Z_]/u.
C:\pdf\Hospital Tracker\src\pages\patient\MyAppointments.jsx:14 'reviewAppointment' is not defined.
C:\pdf\Hospital Tracker\src\pages\patient\PatientDashboard.jsx:4 'format' is defined but never used. Allowed unused vars must match /^[A-Z_]/u.
C:\pdf\Hospital Tracker\src\pages\patient\PatientDashboard.jsx:18 'statusColor' is assigned a value but never used. Allowed unused vars must match /^[A-Z_]/u.
C:\pdf\Hospital Tracker\src\pages\patient\PatientNotifications.jsx:4 'dismiss' is defined but never used. Allowed unused vars must match /^[A-Z_]/u.
C:\pdf\Hospital Tracker\src\pages\patient\RequestAppointment.jsx:31 'patient' is assigned a value but never used. Allowed unused vars must match /^[A-Z_]/u.
C:\pdf\Hospital Tracker\src\pages\profile\ProfileSettings.jsx:20 'setSearchParams' is assigned a value but never used. Allowed unused vars must match /^[A-Z_]/u.
C:\pdf\Hospital Tracker\src\pages\profile\ProfileSettings.jsx:31 Error: Calling setState synchronously within an effect can trigger cascading renders

Effects are intended to synchronize state between React and external systems such as manually updating the DOM, state management libraries, or other platform APIs. In general, the body of an effect should do one or both of the following:
* Update external systems with the latest state from React.
* Subscribe for updates from some external system, calling setState in a callback function when external state changes.

Calling setState synchronously within an effect body causes cascading renders that can hurt performance, and is not recommended. (https://react.dev/learn/you-might-not-need-an-effect).

  29 |         const tab = searchParams.get('tab');
  30 |         if (tab) {
> 31 |             setActiveTab(tab);
     |             ^^^^^^^^^^^^ Avoid calling setState() directly within an effect
  32 |         }
  33 |     }, [searchParams]);
  34 |
C:\pdf\Hospital Tracker\src\pages\profile\components\AdminProfile.jsx:1 'useState' is defined but never used. Allowed unused vars must match /^[A-Z_]/u.
C:\pdf\Hospital Tracker\src\pages\profile\components\DoctorProfile.jsx:1 'useState' is defined but never used. Allowed unused vars must match /^[A-Z_]/u.
C:\pdf\Hospital Tracker\src\pages\profile\components\NurseProfile.jsx:1 'useState' is defined but never used. Allowed unused vars must match /^[A-Z_]/u.
C:\pdf\Hospital Tracker\src\pages\profile\components\PatientProfile.jsx:1 'useState' is defined but never used. Allowed unused vars must match /^[A-Z_]/u.
C:\pdf\Hospital Tracker\src\pages\profile\components\ReceptionistProfile.jsx:1 'useState' is defined but never used. Allowed unused vars must match /^[A-Z_]/u.
C:\pdf\Hospital Tracker\src\pages\staff\BillingCounter.jsx:2 'useDispatch' is defined but never used. Allowed unused vars must match /^[A-Z_]/u.
C:\pdf\Hospital Tracker\src\pages\staff\BillingCounter.jsx:47 Error: Cannot call impure function during render

`Math.random` is an impure function. Calling an impure function can produce unstable results that update unpredictably when the component happens to re-render. (https://react.dev/reference/rules/components-and-hooks-must-be-pure#components-and-hooks-must-be-idempotent).

  45 |     const [amountReceived, setAmountReceived] = useState('');
  46 |     const [paid, setPaid] = useState(false);
> 47 |     const [billNumber] = useState(`INV-2024-${String(Math.floor(Math.random() * 9000 + 1000))}`);
     |                                                                 ^^^^^^^^^^^^^ Cannot call impure function
  48 |
  49 |     const filteredPatients = patients.filter(p =>
  50 |         patientSearch && (p.name.toLowerCase().includes(patientSearch.toLowerCase()) || p.patientId.toLowerCase().includes(patientSearch.toLowerCase()))
C:\pdf\Hospital Tracker\src\pages\staff\NurseDashboard.jsx:52 Error: Cannot call impure function during render

`Math.random` is an impure function. Calling an impure function can produce unstable results that update unpredictably when the component happens to re-render. (https://react.dev/reference/rules/components-and-hooks-must-be-pure#components-and-hooks-must-be-idempotent).

  50 |                             </div>
  51 |                             <div style={{ display: 'flex', gap: 12, fontSize: '0.78rem', color: 'var(--text-secondary)' }}>
> 52 |                                 <span>≡ƒÆô {Math.floor(65 + Math.random() * 30)}/min</span>
     |                                                           ^^^^^^^^^^^^^ Cannot call impure function
  53 |                                 <span>≡ƒ⌐╕ {Math.floor(110 + Math.random() * 30)}/{Math.floor(70 + Math.random() * 20)}</span>
  54 |                             </div>
  55 |                         </div>
C:\pdf\Hospital Tracker\src\pages\staff\NurseDashboard.jsx:53 Error: Cannot call impure function during render

`Math.random` is an impure function. Calling an impure function can produce unstable results that update unpredictably when the component happens to re-render. (https://react.dev/reference/rules/components-and-hooks-must-be-pure#components-and-hooks-must-be-idempotent).

  51 |                             <div style={{ display: 'flex', gap: 12, fontSize: '0.78rem', color: 'var(--text-secondary)' }}>
  52 |                                 <span>≡ƒÆô {Math.floor(65 + Math.random() * 30)}/min</span>
> 53 |                                 <span>≡ƒ⌐╕ {Math.floor(110 + Math.random() * 30)}/{Math.floor(70 + Math.random() * 20)}</span>
     |                                                            ^^^^^^^^^^^^^ Cannot call impure function
  54 |                             </div>
  55 |                         </div>
  56 |                     ))}
C:\pdf\Hospital Tracker\src\pages\staff\NurseDashboard.jsx:53 Error: Cannot call impure function during render

`Math.random` is an impure function. Calling an impure function can produce unstable results that update unpredictably when the component happens to re-render. (https://react.dev/reference/rules/components-and-hooks-must-be-pure#components-and-hooks-must-be-idempotent).

  51 |                             <div style={{ display: 'flex', gap: 12, fontSize: '0.78rem', color: 'var(--text-secondary)' }}>
  52 |                                 <span>≡ƒÆô {Math.floor(65 + Math.random() * 30)}/min</span>
> 53 |                                 <span>≡ƒ⌐╕ {Math.floor(110 + Math.random() * 30)}/{Math.floor(70 + Math.random() * 20)}</span>
     |                                                                                                  ^^^^^^^^^^^^^ Cannot call impure function
  54 |                             </div>
  55 |                         </div>
  56 |                     ))}
C:\pdf\Hospital Tracker\src\pages\staff\PatientCheckIn.jsx:5 'approveAppointment' is defined but never used. Allowed unused vars must match /^[A-Z_]/u.
C:\pdf\Hospital Tracker\src\pages\staff\PatientCheckIn.jsx:15 'patients' is assigned a value but never used. Allowed unused vars must match /^[A-Z_]/u.
C:\pdf\Hospital Tracker\src\pages\staff\PatientCheckIn.jsx:16 'dispatch' is assigned a value but never used. Allowed unused vars must match /^[A-Z_]/u.
C:\pdf\Hospital Tracker\src\pages\staff\PatientCheckIn.jsx:86 'status' is assigned a value but never used. Allowed unused vars must match /^[A-Z_]/u.
C:\pdf\Hospital Tracker\src\pages\staff\nurse\NursePatients.jsx:2 'useDispatch' is defined but never used. Allowed unused vars must match /^[A-Z_]/u.
C:\pdf\Hospital Tracker\src\pages\staff\nurse\VitalsRecording.jsx:67 'prev' is assigned a value but never used. Allowed unused vars must match /^[A-Z_]/u.
C:\pdf\Hospital Tracker\src\pages\staff\nurse\VitalsRecording.jsx:69 'trend' is assigned a value but never used. Allowed unused vars must match /^[A-Z_]/u.
C:\pdf\Hospital Tracker\src\pages\staff\nurse\VitalsRecording.jsx:73 'improving' is assigned a value but never used. Allowed unused vars must match /^[A-Z_]/u.
C:\pdf\Hospital Tracker\src\pages\staff\nurse\VitalsRecording.jsx:115 'Icon' is defined but never used.
C:\pdf\Hospital Tracker\src\pages\staff\pharmacy\PrescriptionQueue.jsx:16 'navigate' is assigned a value but never used. Allowed unused vars must match /^[A-Z_]/u.
C:\pdf\Hospital Tracker\src\pages\staff\pharmacy\QuickSale.jsx:50 Error: Cannot call impure function during render

`Date.now` is an impure function. Calling an impure function can produce unstable results that update unpredictably when the component happens to re-render. (https://react.dev/reference/rules/components-and-hooks-must-be-pure#components-and-hooks-must-be-idempotent).

  48 |         const now = new Date();
  49 |         const sale = {
> 50 |             id: `sale_${Date.now()}`,
     |                         ^^^^^^^^^^ Cannot call impure function
  51 |             billNumber: nextBillNum,
  52 |             time: now.toLocaleTimeString('en-US', { hour: '2-digit', minute: '2-digit' }),
  53 |             patient: patientName.trim() || 'Walk-in Customer',